---
source: src/tui/render/mod.rs
assertion_line: 512
expression: terminal.backend()
---
"┏ agent-bar ━━━━━━━━━━━━━━━━━━━━━━━━━━━━━━━━━━━━━━━━━━━━━━━━━━━┓"
"┃ Dashboard ┃ Waybar ┃ History ┃ Login                         ┃"
"┗━━━━━━━━━━━━━━━━━━━━━━━━━━━━━━━━━━━━━━━━━━━━━━━━━━━━━━━━━━━━━━┛"
"┏PROVIDERS━━━━┓┏ Todos os providers ━━━━━━━━━━━━━━━━━━━━━━━━━━━┓"
"┃◆ Claude  26%┃┃provider  uso            reset  custo          ┃"
"┃● Codex    1%┃┃Claude    ██░░░░░  26%   23:00  -              ┃"
"┃● Amp      0%┃┃Codex     ░░░░░░░   1%   01:28  -              ┃"
"┃             ┃┃Amp       ░░░░░░░   0%   -      -              ┃"
"┃             ┃┃                                               ┃"
"┃             ┃┃                                               ┃"
"┃             ┃┃                                               ┃"
"┃             ┃┃                                               ┃"
"┃             ┃┃                                               ┃"
"┃             ┃┃                                               ┃"
"┃             ┃┃                                               ┃"
"┃             ┃┃                                               ┃"
"┃             ┃┃                                               ┃"
"┃             ┃┃                                               ┃"
"┗━━━━━━━━━━━━━┛┗━━━━━━━━━━━━━━━━━━━━━━━━━━━━━━━━━━━━━━━━━━━━━━━┛"
" ↑↓ provider · ←→ aba · Enter detalhe · [q]uit · [?] ajuda      "
