---
source: src/tui/render/mod.rs
expression: terminal.backend()
---
"╭ agent-bar ─────────────────────────────────────────────────────────────────────────────────────────────────────────────────────────────────────────────$2.10 ╮"
"│ VISÃO           ╭ Claude ──────────────────────────────────────────────────────────────────────────────────────────────────────────────────────────────● ok╮ │"
"│ ▸ Geral         │sessão  █████████████████████████████▒▒▒▒▒▒▒▒▒▒▒▒▒▒▒▒▒▒▒▒▒▒▒▒▒▒▒▒▒▒▒▒▒▒▒▒▒▒▒▒▒▒▒▒▒▒▒▒▒▒▒▒▒▒▒▒▒▒▒▒▒▒▒▒▒▒▒▒▒▒▒▒▒▒▒▒▒▒▒▒▒▒▒   26%  → 23:00   │ │"
"│                 │   $2.10 hoje                                                                                                                             │ │"
"│ PROVIDERS       │                                                                                                                                          │ │"
"│ ◆ Claude  26%   │                                                                                                                                          │ │"
"│ ● Codex    1%   ╰──────────────────────────────────────────────────────────────────────────────────────────────────────────────────────────────────────────╯ │"
"│ ● Amp      0%   ╭ Codex ───────────────────────────────────────────────────────────────────────────────────────────────────────────────────────────────● ok╮ │"
"│                 │sessão  █▒▒▒▒▒▒▒▒▒▒▒▒▒▒▒▒▒▒▒▒▒▒▒▒▒▒▒▒▒▒▒▒▒▒▒▒▒▒▒▒▒▒▒▒▒▒▒▒▒▒▒▒▒▒▒▒▒▒▒▒▒▒▒▒▒▒▒▒▒▒▒▒▒▒▒▒▒▒▒▒▒▒▒▒▒▒▒▒▒▒▒▒▒▒▒▒▒▒▒▒▒▒▒▒▒▒▒▒▒▒▒    1%  → 01:28   │ │"
"│ MAIS            │   - hoje                                                                                                                                 │ │"
"│   Histórico     │                                                                                                                                          │ │"
"│   Login         │                                                                                                                                          │ │"
"│   Waybar        ╰──────────────────────────────────────────────────────────────────────────────────────────────────────────────────────────────────────────╯ │"
"│                 ╭ Amp ─────────────────────────────────────────────────────────────────────────────────────────────────────────────────────────────────● ok╮ │"
"│                 │sessão  ▒▒▒▒▒▒▒▒▒▒▒▒▒▒▒▒▒▒▒▒▒▒▒▒▒▒▒▒▒▒▒▒▒▒▒▒▒▒▒▒▒▒▒▒▒▒▒▒▒▒▒▒▒▒▒▒▒▒▒▒▒▒▒▒▒▒▒▒▒▒▒▒▒▒▒▒▒▒▒▒▒▒▒▒▒▒▒▒▒▒▒▒▒▒▒▒▒▒▒▒▒▒▒▒▒▒▒▒▒▒▒▒    0%  → -       │ │"
"│                 │   cr $4.19 hoje                                                                                                                          │ │"
"│                 │                                                                                                                                          │ │"
"│                 │                                                                                                                                          │ │"
"│                 ╰──────────────────────────────────────────────────────────────────────────────────────────────────────────────────────────────────────────╯ │"
"│                                                                                                                                                              │"
"│                                                                                                                                                              │"
"│                                                                                                                                                              │"
"│                                                                                                                                                              │"
"│                                                                                                                                                              │"
"│                                                                                                                                                              │"
"│                                                                                                                                                              │"
"│                                                                                                                                                              │"
"│                                                                                                                                                              │"
"│                                                                                                                                                              │"
"│                                                                                                                                                              │"
"│                                                                                                                                                              │"
"│                                                                                                                                                              │"
"│                                                                                                                                                              │"
"│                                                                                                                                                              │"
"│                                                                                                                                                              │"
"│                                                                                                                                                              │"
"│                                                                                                                                                              │"
"│                                                                                                                                                              │"
"│                                                                ↵ abrir     r atualizar     ? ajuda     q sair                                                │"
"╰──────────────────────────────────────────────────────────────────────────────────────────────────────────────────────────────────────────────────────────────╯"
