---
source: src/tui/render/detail.rs
assertion_line: 1083
expression: terminal.backend()
---
"╭ agent-bar ─────────────────────────────────────────────────────────────────────────────────────- ╮"
"│ VISÃO           ┏ Claude · Max 5x ━━━━━━━━━━━━━━━━━━━━━━━━━━━━━━━━━━━━━━━━━━━━━━━━━━━━━━━━━━━━━━┓│"
"│ ▸ Geral         ┃ sessão       █████████████████████████████████████████████▒▒▒▒▒   89%  → 02:39┃│"
"│                 ┃ semana       █████████████████████████████████████████████████▒   97%  → 22:59┃│"
"│ PROVIDERS       ┃ Opus         ██████████████████████████████▒▒▒▒▒▒▒▒▒▒▒▒▒▒▒▒▒▒▒▒   60%  → -    ┃│"
"│ ◆ Claude  89%   ┃ Fable        █████████████████████████████████████████████████▒   97%  → 22:59┃│"
"│                 ┃                                                                               ┃│"
"│ MAIS            ┃ tokens/h  coletando histórico…                                                ┃│"
"│   Histórico     ┃ extra usage  desativado                                                       ┃│"
"│   Login         ┃                                                                               ┃│"
"│   Waybar        ┃ hoje coletando…    7 dias coletando…                                          ┃│"
"│                 ┃                                                                               ┃│"
"│                 ┃                                                                               ┃│"
"│                 ┃                                                                               ┃│"
"│                 ┃                                                                               ┃│"
"│                 ┃                                                                               ┃│"
"│                 ┃                                                                               ┃│"
"│                 ┃                                                                               ┃│"
"│                 ┃                                                                               ┃│"
"│                 ┃                                                                               ┃│"
"│                 ┃                                                                               ┃│"
"│                 ┃                                                                               ┃│"
"│                 ┃                                                                               ┃│"
"│                 ┃                                                                               ┃│"
"│                 ┃                                                                               ┃│"
"│                 ┃                                                                               ┃│"
"│                 ┃                                                                               ┃│"
"│                 ┃                                                                               ┃│"
"│                 ┃                                                                               ┃│"
"│                 ┃            esc voltar     r atualizar     g login     h histórico             ┃│"
"│                 ┗━━━━━━━━━━━━━━━━━━━━━━━━━━━━━━━━━━━━━━━━━━━━━━━━━━━━━━━━━━━━━━━━━━━━━━━━━━━━━━━┛│"
"╰──────────────────────────────────────────────────────────────────────────────────────────────────╯"
