---
source: src/tui/render/mod.rs
expression: terminal.backend()
---
"┏PROVIDERS━━━━━━┓┏ Todos os providers ━━━━━━━━━━━━━━━━━━━━━━━━━┓"
"┃◆ Claude  26%  ┃┃provider  uso            reset  custo        ┃"
"┃● Codex    1%  ┃┃Claude    ████▒▒▒▒▒▒▒▒▒▒ 23:00  -            ┃"
"┃● Amp      0%  ┃┃Codex     ▒▒▒▒▒▒▒▒▒▒▒▒▒▒ 01:28  -            ┃"
"┃               ┃┃Amp       ▒▒▒▒▒▒▒▒▒▒▒▒▒▒ -      -            ┃"
"┃               ┃┃                                             ┃"
"┃               ┃┃                                             ┃"
"┃               ┃┃                                             ┃"
"┃               ┃┃                                             ┃"
"┃               ┃┃                                             ┃"
"┃               ┃┃                                             ┃"
"┃               ┃┃                                             ┃"
"┃               ┃┃                                             ┃"
"┃               ┃┃                                             ┃"
"┃               ┃┃                                             ┃"
"┃               ┃┃                                             ┃"
"┃               ┃┃                                             ┃"
"┃               ┃┃                                             ┃"
"┗━━━━━━━━━━━━━━━┛┗━━━━━━━━━━━━━━━━━━━━━━━━━━━━━━━━━━━━━━━━━━━━━┛"
" ↑↓ navegar · Enter abrir · [q]uit · [?] ajuda                  "
