---
source: src/tui/render/history.rs
expression: terminal.backend()
---
"┏ Histórico (7 dias) ━━━━━━━━━━━━━━━━━━━━━━━━━━━━━━━━━━━━━━━━━━━━━━━━━━━━━━━━━━━━━━━━━━━━━━━━━━━━━━┓"
"┃   1k┤                   █                       █                       █                       █┃"
"┃     │                   █                       █                       █                       █┃"
"┃     │                   █                       █                       █                       █┃"
"┃  250┤                   █                       █                       █                       █┃"
"┃     │                   █                       █                       █                       █┃"
"┃     │                   █                       █                       █                       █┃"
"┃     │                   █                       █                       █                       █┃"
"┃    0┴────────────────────────────────────────────────────────────────────────────────────────────┃"
"┃      17h20h23h02h05h08h11h14h17h20h23h02h05h08h11h14h17h20h23h02h05h08h11h14h17h20h23h02h05h08h  ┃"
"┃  ● Fable 5 4k                                                                                    ┃"
"┃▸ 06/29 · seg · 1k · $0.01 · 1 sessões                                                        ▲ +3┃"
"┃▸ 06/28 · dom · 1k · $0.01 · 1 sessões                                                            ┃"
"┃▸ 06/27 · sáb · 1k · $0.01 · 1 sessões                                                            ┃"
"┃▸ 06/26 · sex · 1k · $0.01 · 1 sessões                                                            ┃"
"┃▸ 06/25 · qui · 1k · $0.01 · 1 sessões                                                            ┃"
"┃▸ 06/24 · qua · 1k · $0.01 · 1 sessões                                                            ┃"
"┃▸ 06/23 · ter · 1k · $0.01 · 1 sessões                                                            ┃"
"┃                      ↵ expandir     t 24h/7d     r atualizar     esc voltar                      ┃"
"┗━━━━━━━━━━━━━━━━━━━━━━━━━━━━━━━━━━━━━━━━━━━━━━━━━━━━━━━━━━━━━ 7 DIAS $0.10 · 10k tok · 10 sessões ┛"
