---
source: src/tui/render/login.rs
expression: terminal.backend()
---
"┏ Login ━━━━━━━━━━━━━━━━━━━━━┓┏━━━━━━━━━━━━━━━━━━━━━━━━━━━━━━━━┓"
"┃   ◆ Claude ✗ deslogado     ┃┃ Codex                          ┃"
"┃ > ● Codex  ✗ deslogado     ┃┃                                ┃"
"┃   ● Amp    ✗ deslogado     ┃┃ Executa `codex login` (fluxo OA┃"
"┃                            ┃┃                                ┃"
"┃                            ┃┃                                ┃"
"┃                            ┃┃                                ┃"
"┃                            ┃┃                                ┃"
"┃                            ┃┃                                ┃"
"┃                            ┃┃                                ┃"
"┃                            ┃┃                                ┃"
"┃                            ┃┃                                ┃"
"┃                            ┃┃                                ┃"
"┃                            ┃┃                                ┃"
"┃                            ┃┃ ↵ iniciar login     esc voltar ┃"
"┗━━━━━━━━━━━━━━━━━━━━━━━━━━━━┛┗━━━━━━━━━━━━━━━━━━━━━━━━━━━━━━━━┛"
