---
source: src/tui/render/mod.rs
expression: terminal.backend()
---
"╭ agent-bar ─────────────────────────────────────────────$2.10 ╮"
"│   ┏ Todos os providers ━━━━━━━━━━━━━━━━━━━━━━━━━━━━━━━━━━━━━┓│"
"│ ▸ ┃provider  uso                  reset  custo              ┃│"
"│   ┃Claude    ███████▒▒▒▒▒▒▒▒▒▒▒▒▒ 23:00  $2.10              ┃│"
"│   ┃Codex     ▒▒▒▒▒▒▒▒▒▒▒▒▒▒▒▒▒▒▒▒ 01:28  -                  ┃│"
"│ ◆ ┃Amp       ▒▒▒▒▒▒▒▒▒▒▒▒▒▒▒▒▒▒▒▒ -      cr $4.19           ┃│"
"│ ● ┃                                                         ┃│"
"│ ● ┃                                                         ┃│"
"│   ┃                                                         ┃│"
"│   ┃                                                         ┃│"
"│ H ┃                                                         ┃│"
"│ L ┃                                                         ┃│"
"│ W ┃                                                         ┃│"
"│   ┃                                                         ┃│"
"│   ┃                                                         ┃│"
"│   ┃                                                         ┃│"
"│   ┃                                                         ┃│"
"│   ┃                                                         ┃│"
"│   ┗━━━━━━━━━━━━━━━━━━━━━━━━━━━━━━━━━━━━━━ Total hoje ~$2.10 ┛│"
"╰──────────────────────────────────────────────────────────────╯"
