---
source: src/tui/render/detail/mod.rs
expression: terminal.backend()
---
"╭ agent-bar ─────────────────────────────────────────────────────────────────────────────────────- ╮"
"│                 ┏ Claude · Max 5x ━━━━━━━━━━━━━━━━━━━━━━━━━━━━━━━━━━━━━━━━━━━━━━━━━━━━━━━━━━━━━━┓│"
"│ PROVEDORES      ┃ sessão       ████████████████████████████████░░░░   89%  → 20636d 02h · qui 02┃│"
"│ ◆ Claude  89%   ┃ semana       ██████████████████████████████████▉░   97%  → 20637d 22h · sex 22┃│"
"│                 ┃ Opus         █████████████████████▋░░░░░░░░░░░░░░   60%  → ?                  ┃│"
"│ MAIS            ┃ Fable        ██████████████████████████████████▉░   97%  → 20637d 22h · sex 22┃│"
"│   Histórico     ┃ TOKENS/HORA · 24H                                                    escala √ ┃│"
"│   Login         ┃ coletando histórico…                                                          ┃│"
"│   Config        ┃                                                                               ┃│"
"│                 ┃                                                                               ┃│"
"│                 ┃                                                                               ┃│"
"│                 ┃                                                                               ┃│"
"│                 ┃                                                                               ┃│"
"│                 ┃                                                                               ┃│"
"│                 ┃                                                                               ┃│"
"│                 ┃                                                                               ┃│"
"│                 ┃                                                                               ┃│"
"│                 ┃                                                                               ┃│"
"│                 ┃                                                                               ┃│"
"│                 ┃                                                                               ┃│"
"│                 ┃                                                                               ┃│"
"│                 ┃                                                                               ┃│"
"│                 ┃                                                                               ┃│"
"│                 ┃                                                                               ┃│"
"│                 ┃                                                                               ┃│"
"│                 ┃                                                                               ┃│"
"│                 ┃                                                                               ┃│"
"│                 ┃ EXTRA USAGE  desativado                                                       ┃│"
"│                 ┃ hoje coletando…    7 dias coletando…                                          ┃│"
"│                 ┃      esc voltar     r atualizar     g login     h histórico     ? ajuda       ┃│"
"│                 ┗━━━━━━━━━━━━━━━━━━━━━━━━━━━━━━━━━━━━━━━━━━━━━━━━━━━━━━━━━━━━━━━━━━━━━━━━━━━━━━━┛│"
"╰──────────────────────────────────────────── ? ajuda ─────────────────────────────────────────────╯"
