---
source: src/tui/render/login.rs
expression: terminal.backend()
---
"┏ Login ━━━━━━━━━━━━━━━━━━━━━┓┏━━━━━━━━━━━━━━━━━━━━━━━━━━━━━━━━┓"
"┃ > ◆ Claude ✗ deslogado     ┃┃ Claude                         ┃"
"┃   ● Codex  ✗ deslogado     ┃┃                                ┃"
"┃   ● Amp    ✗ deslogado     ┃┃ Abre a REPL do Claude. Digite /┃"
"┃                            ┃┃                                ┃"
"┃                            ┃┃ Erro no login: claude nao encon┃"
"┃                            ┃┃                                ┃"
"┃                            ┃┃                                ┃"
"┃                            ┃┃                                ┃"
"┃                            ┃┃                                ┃"
"┃                            ┃┃                                ┃"
"┃                            ┃┃                                ┃"
"┃                            ┃┃                                ┃"
"┃                            ┃┃                                ┃"
"┃                            ┃┃ ↵ iniciar login     esc voltar ┃"
"┗━━━━━━━━━━━━━━━━━━━━━━━━━━━━┛┗━━━━━━━━━━━━━━━━━━━━━━━━━━━━━━━━┛"
