---
source: src/tui/render/detail.rs
expression: terminal.backend()
---
"╭ agent-bar ─────────────────────────────────────────────────────────────────────────────────────────────────────────────────────────────────────────────$2.10 ╮"
"│ VISÃO           ┏ Claude · Max 5x ━━━━━━━━━━━━━━━━━━━━━━━━━━━━━━━━━━━━━━━━━━━━━━━━━━━━━━━━━━━━━━━━━━━━━━━━━━━━━━━━━━━━━━━━━━━━━━━━━━━━━━━━━━━━━━━━━━━━━━━━━━┓│"
"│ ▸ Geral         ┃ 5h  ███████████████████████████████▒▒▒▒▒▒▒▒▒▒▒▒▒▒▒▒▒▒▒▒▒▒▒▒▒▒▒▒▒▒▒▒▒▒▒▒▒▒▒▒▒▒▒▒▒▒▒▒▒▒▒▒▒▒▒▒▒▒▒▒▒▒▒▒▒▒▒▒▒▒▒▒▒▒▒▒▒▒▒▒▒▒▒▒▒▒▒   26%  → 23:00 ┃│"
"│                 ┃ wk  ██████████████▒▒▒▒▒▒▒▒▒▒▒▒▒▒▒▒▒▒▒▒▒▒▒▒▒▒▒▒▒▒▒▒▒▒▒▒▒▒▒▒▒▒▒▒▒▒▒▒▒▒▒▒▒▒▒▒▒▒▒▒▒▒▒▒▒▒▒▒▒▒▒▒▒▒▒▒▒▒▒▒▒▒▒▒▒▒▒▒▒▒▒▒▒▒▒▒▒▒▒▒▒▒▒▒   12%  → 00:00 ┃│"
"│ PROVIDERS       ┃                                                                                                                                           ┃│"
"│ ◆ Claude  26%   ┃ Models                                                                                                                                    ┃│"
"│                 ┃   Opus      ████████████████████████████████▒▒▒▒▒▒▒▒▒▒▒▒▒▒▒▒▒▒▒▒▒▒▒▒▒▒▒▒▒▒▒▒▒▒▒▒▒▒▒▒▒▒▒▒▒▒   41%  $1.40                                   ┃│"
"│ MAIS            ┃   Sonnet    ████████████████▒▒▒▒▒▒▒▒▒▒▒▒▒▒▒▒▒▒▒▒▒▒▒▒▒▒▒▒▒▒▒▒▒▒▒▒▒▒▒▒▒▒▒▒▒▒▒▒▒▒▒▒▒▒▒▒▒▒▒▒▒▒   20%  -                                       ┃│"
"│   Histórico     ┃                                                                                                                                           ┃│"
"│   Login         ┃ tokens/h ▁▂▃▅▇▆▄▂▁          ~$2.10 hoje                                                                                                   ┃│"
"│   Waybar        ┃                                                                                                                                           ┃│"
"│                 ┃                                                                                                                                           ┃│"
"│                 ┃                                                                                                                                           ┃│"
"│                 ┃                                                                                                                                           ┃│"
"│                 ┃                                                                                                                                           ┃│"
"│                 ┃                                                                                                                                           ┃│"
"│                 ┃                                                                                                                                           ┃│"
"│                 ┃                                                                                                                                           ┃│"
"│                 ┃                                                                                                                                           ┃│"
"│                 ┃                                                                                                                                           ┃│"
"│                 ┃                                                                                                                                           ┃│"
"│                 ┃                                                                                                                                           ┃│"
"│                 ┃                                                                                                                                           ┃│"
"│                 ┃                                                                                                                                           ┃│"
"│                 ┃                                                                                                                                           ┃│"
"│                 ┃                                                                                                                                           ┃│"
"│                 ┃                                                                                                                                           ┃│"
"│                 ┃                                                                                                                                           ┃│"
"│                 ┃                                                                                                                                           ┃│"
"│                 ┃                                                                                                                                           ┃│"
"│                 ┃                                                                                                                                           ┃│"
"│                 ┃                                                                                                                                           ┃│"
"│                 ┃                                                                                                                                           ┃│"
"│                 ┃                                                                                                                                           ┃│"
"│                 ┃                                                                                                                                           ┃│"
"│                 ┃                                                                                                                                           ┃│"
"│                 ┃                                                                                                                                           ┃│"
"│                 ┃                                                                                                                                           ┃│"
"│                 ┗━━━━━━━━━━━━━━━━━━━━━━━━━━━━━━━━━━━━━━━━━━━━━━━━━━━━━━━━━━━━━━━━━━━━━━━━━━━━━━━━━━━━━━━━━━━━━━━━━━━━━━━━━━━━━━━━━━━━━━━━━━━━━━━━━━━━━━━━━━━┛│"
"╰──────────────────────────────────────────────────────────────────────────────────────────────────────────────────────────────────────────────────────────────╯"
