---
source: src/tui/render/sidebar.rs
assertion_line: 379
expression: terminal.backend()
---
"                 "
" PROVEDORES      "
" ◆ Claude   5%   "
"                 "
" MAIS            "
"   Histórico     "
"   Login         "
"   Waybar        "
"                 "
"                 "
"                 "
"                 "
