---
source: src/tui/render/dashboard.rs
expression: terminal.backend()
---
"╭ carregando… ───────────────────────────────────────────────────────────────────────────────────⠷ ╮"
"│sessão  ░░░░░░░░░░░░░░░░░░░░░░░░░░░░░░░░░░░░░░░░░░░░░░░░░░░░░░░░░░░░░░░░░░░░░░░░                  │"
"│semana  ░░░░░░░░░░░░░░░░░░░░░░░░░░░░░░░░░░░░░░░░░░░░░░░░░░░░░░░░░░░░░░░░░░░░░░░░                  │"
"│                                                                                                  │"
"│                                                                                                  │"
"╰──────────────────────────────────────────────────────────────────────────────────────────────────╯"
"╭ carregando… ─────────────────────────────────────────────────────────────────────────────────────╮"
"│sessão  ░░░░░░░░░░░░░░░░░░░░░░░░░░░░░░░░░░░░░░░░░░░░░░░░░░░░░░░░░░░░░░░░░░░░░░░░                  │"
"│semana  ░░░░░░░░░░░░░░░░░░░░░░░░░░░░░░░░░░░░░░░░░░░░░░░░░░░░░░░░░░░░░░░░░░░░░░░░                  │"
"│                                                                                                  │"
"│                                                                                                  │"
"╰──────────────────────────────────────────────────────────────────────────────────────────────────╯"
"╭ carregando… ─────────────────────────────────────────────────────────────────────────────────────╮"
"│sessão  ░░░░░░░░░░░░░░░░░░░░░░░░░░░░░░░░░░░░░░░░░░░░░░░░░░░░░░░░░░░░░░░░░░░░░░░░                  │"
"│semana  ░░░░░░░░░░░░░░░░░░░░░░░░░░░░░░░░░░░░░░░░░░░░░░░░░░░░░░░░░░░░░░░░░░░░░░░░                  │"
"│                                                                                                  │"
"│                                                                                                  │"
"╰──────────────────────────────────────────────────────────────────────────────────────────────────╯"
"                                                                                                    "
"                                                                                                    "
"                                                                                                    "
"                                                                                                    "
"                                                                                                    "
"                                                                                                    "
"                                                                                                    "
"                                                                                                    "
"                                                                                                    "
"                                                                                                    "
"                                                                                                    "
"                                                                                                    "
"                                                                                                    "
"                           ↵ abrir     r atualizar     ? ajuda     q sair                           "
