---
source: src/tui/render/login.rs
expression: terminal.backend()
---
"┏ Login ━━━━━━━━━━━━━━━━━━━┓┏━━━━━━━━━━━━━━━━━━━━━━━━━━━━━━━━━━┓"
"┃ > Claude [ok]            ┃┃ Claude                           ┃"
"┃   Codex [sem token]      ┃┃                                  ┃"
"┃   Amp [erro]             ┃┃ Abre a REPL do Claude. Digite /lo┃"
"┃                          ┃┃                                  ┃"
"┃                          ┃┃ [Enter] iniciar login    [j/k] na┃"
"┃                          ┃┃                                  ┃"
"┃                          ┃┃                                  ┃"
"┃                          ┃┃                                  ┃"
"┃                          ┃┃                                  ┃"
"┃                          ┃┃                                  ┃"
"┃                          ┃┃                                  ┃"
"┃                          ┃┃                                  ┃"
"┃                          ┃┃                                  ┃"
"┃                          ┃┃                                  ┃"
"┗━━━━━━━━━━━━━━━━━━━━━━━━━━┛┗━━━━━━━━━━━━━━━━━━━━━━━━━━━━━━━━━━┛"
