---
source: src/tui/render/config.rs
assertion_line: 318
expression: terminal.backend()
---
"╭ Config do Waybar ╮╭ fxRate  [editando]  ─────────────────────╮"
"│   providers      ││ 6.25                                     │"
"│   providerOrder  │╰──────────────────────────────────────────╯"
"│   separators     │╭──────────────────────────────────────────╮"
"│   displayMode    ││ Taxa US$/BRL para custo em R$. Ex: 5.75  │"
"│ > fxRate         ││ Enter confirma   Esc cancela             │"
"│   signal         ││                                          │"
"│   interval       ││                                          │"
"│                  ││                                          │"
"│                  ││                                          │"
"│                  ││                                          │"
"│                  ││                                          │"
"│                  ││                                          │"
"│                  ││                                          │"
"│                  ││                                          │"
"│                  ││                                          │"
"│                  ││                                          │"
"│                  ││                                          │"
"│                  ││                                          │"
"╰──────────────────╯╰──────────────────────────────────────────╯"
