---
source: src/tui/render/mod.rs
assertion_line: 795
expression: terminal.backend()
---
"╭ agent-bar ─────────────────────────────────────────────────────────────────────────────────────… ╮"
"│ VISÃO           ╭ Config do Waybar ╮╭ providers  ───────────────────────────────────────────────╮│"
"│ ▸ Geral         │ > providers      ││ claude, codex                                             ││"
"│                 │   providerOrder  │╰───────────────────────────────────────────────────────────╯│"
"│ MAIS            │   separators     │╭───────────────────────────────────────────────────────────╮│"
"│   Histórico     │   displayMode    ││ IDs separados por vírgula. Ex: claude, codex, amp         ││"
"│   Login         │   fxRate         ││                                                           ││"
"│   Waybar        ╭ agent-bar — atalhos ────────────────────────────────────────╮                 ││"
"│                 │                      Navegação global                       │                 ││"
"│                 │  [?] / Esc   abre/fecha esta ajuda                          │                 ││"
"│                 │  up/down     mover seleção na sidebar                       │                 ││"
"│                 │  Enter       ativar item selecionado                        │                 ││"
"│                 │  h / g / w   Histórico / Login / Waybar                     │                 ││"
"│                 │  q           sair                                           │                 ││"
"│                 │  r           atualizar quotas                               │                 ││"
"│                 │                                                             │                 ││"
"│                 │                          Overview                           │                 ││"
"│                 │  up/down     selecionar provider                            │                 ││"
"│                 │  Enter       abrir detalhe                                  │                 ││"
"│                 │  Esc         voltar para lista                              │                 ││"
"│                 │                                                             │                 ││"
"│                 │                      Config do Waybar                       │                 ││"
"│                 │  up/down     selecionar campo                               │                 ││"
"│                 │  Enter       editar campo                                   │                 ││"
"│                 │  s           salvar configuração                            │                 ││"
"│                 │  Esc         voltar                                         │                 ││"
"│                 │                                                             │                 ││"
"│                 │                            Login                            │                 ││"
"│                 │  up/down     selecionar provider                            │                 ││"
"│                 │  Enter       iniciar login do provider                      │                 ││"
"│                 │  Esc         voltar                                         │                 ││"
"│                 │                                                             │                 ││"
"│                 │                          Histórico                          │                 ││"
"│                 │  t           alterna 24h/7d · wheel rola a tabela           │                 ││"
"│                 │                                                             │                 ││"
"│                 │  click seleciona · wheel rola · shift+drag seleciona texto  │                 ││"
"│                 ╰─────────────────────────────────────────────────────────────╯                 ││"
"│                 │                  ││                                                           ││"
"│                 │                  ││                                                           ││"
"│                 │                  ││                                                           ││"
"│                 │                  ││                                                           ││"
"│                 │                  ││           ↵ editar     s salvar     esc voltar            ││"
"│                 ╰──────────────────╯╰───────────────────────────────────────────────────────────╯│"
"╰──────────────────────────────────────────────────────────────────────────────────────────────────╯"
