---
source: src/tui/render/dashboard.rs
expression: terminal.backend()
---
"╭ Claude ───────────────────────────────────────────────────────────────────────────● verificando…╮ "
"│   coletando…                                                                                    │ "
"│                                                                                                 │ "
"│                                                                                                 │ "
"│                                                                                                 │ "
"╰─────────────────────────────────────────────────────────────────────────────────────────────────╯ "
"╭ Codex ────────────────────────────────────────────────────────────────────────────● verificando…╮ "
"│   coletando…                                                                                    │ "
"│                                                                                                 │ "
"│                                                                                                 │ "
"│                                                                                                 │ "
"╰─────────────────────────────────────────────────────────────────────────────────────────────────╯ "
"╭ Amp ──────────────────────────────────────────────────────────────────────────────● verificando…╮ "
"│   coletando…                                                                                    │ "
"│                                                                                                 │ "
"│                                                                                                 │ "
"│                                                                                                 │ "
"╰─────────────────────────────────────────────────────────────────────────────────────────────────╯ "
"╭ Hoje (24h) ──────────────────────────────────────────────────────────────────────────────────────╮"
"│ coletando histórico…                                                                             │"
"│                                                                                                  │"
"│                                                                                                  │"
"│                                                                                                  │"
"│                                                                                                  │"
"│                                                                                                  │"
"│                                                                                                  │"
"│                                                                                                  │"
"│                                                                                                  │"
"│                                                                                                  │"
"│                                                                                                  │"
"╰──────────────────────────────────────────────────────────────────────────────────────────────────╯"
"                           ↵ abrir     r atualizar     ? ajuda     q sair                           "
