---
source: src/tui/render/history.rs
expression: terminal.backend()
---
"┏ Historico (7 dias) ━━━━━━━━━━━━━━━━━━━━━━━━━━━━━━━━━━━━━━━━━━┓"
"┃ Sem registros nos ultimos 7 dias.                            ┃"
"┃                                                              ┃"
"┃                                                              ┃"
"┃                                                              ┃"
"┃                                                              ┃"
"┃                                                              ┃"
"┃                                                              ┃"
"┃                                                              ┃"
"┃                                                              ┃"
"┃                                                              ┃"
"┃                                                              ┃"
"┃                                                              ┃"
"┃                                                              ┃"
"┃                                                              ┃"
"┃                                                              ┃"
"┃                                                              ┃"
"┃                                                              ┃"
"┃                                                              ┃"
"┗━━━━━━━━━━━━━━━━━━━━━━━━━━━━━━━━━━━━━━━━━━━━━━━━━━━━━━━━━━━━━━┛"
