---
source: src/tui/render/history.rs
expression: terminal.backend()
---
"┏ Histórico (7 dias) ━━━━━━━━━━━━━━━━━━━━━━━━━━━━━━━━━━━━━━━━━━━━━━━━━━━━━━━━━━━━━━━━━━━━━━━━━━━━━━┓"
"┃  88k┤                                                                   ▅  ▇  █  ▆  ▂            ┃"
"┃     │                                                                ▇  █  █  █  █  █  ▃         ┃"
"┃     │                                                             █  █  █  █  █  █  █  █  ▃      ┃"
"┃     │                                                          ▇  █  █  █  █  █  █  █  █  █      ┃"
"┃     │                                                       ▃  █  █  █  █  █  █  █  █  █  █  █   ┃"
"┃     │                                                       █  █  █  █  █  █  █  █  █  █  █  █  ▄┃"
"┃     │                                                    ▆  █  █  █  █  █  █  █  █  █  █  █  █  █┃"
"┃     │                                                    █  █  █  █  █  █  █  █  █  █  █  █  █  █┃"
"┃     │                                                 █  █  █  █  █  █  █  █  █  █  █  █  █  █  █┃"
"┃     │                      ▆                       ▂  █  █  █  █  █  █  █  █  █  █  █  █  █  █  █┃"
"┃  22k┤                      █                       █  █  █  █  █  █  █  █  █  █  █  █  █  █  █  █┃"
"┃     │                      █  █                 ▃  █  █  █  █  █  █  █  █  █  █  █  █  █  █  █  █┃"
"┃     │                      █  █  ▂              █  █  █  █  █  █  █  █  █  █  █  █  █  █  █  █  █┃"
"┃     │                      █  █  █           ▇  █  █  █  █  █  █  █  █  █  █  █  █  █  █  █  █  █┃"
"┃     │                      █  █  █  █  ▃  ▅  █  █  █  █  █  █  █  █  █  █  █  █  █  █  █  █  █  █┃"
"┃     │                      █  █  █  █  █  █  █  █  █  █  █  █  █  █  █  █  █  █  █  █  █  █  █  █┃"
"┃     │                      █  █  █  █  █  █  █  █  █  █  █  █  █  █  █  █  █  █  █  █  █  █  █  █┃"
"┃     │                      █  █  █  █  █  █  █  █  █  █  █  █  █  █  █  █  █  █  █  █  █  █  █  █┃"
"┃     │                      █  █  █  █  █  █  █  █  █  █  █  █  █  █  █  █  █  █  █  █  █  █  █  █┃"
"┃     │                      █  █  █  █  █  █  █  █  █  █  █  █  █  █  █  █  █  █  █  █  █  █  █  █┃"
"┃     │                      █  █  █  █  █  █  █  █  █  █  █  █  █  █  █  █  █  █  █  █  █  █  █  █┃"
"┃    0┴────────────────────────────────────────────────────────────────────────────────────────────┃"
"┃      17h20h23h02h05h08h11h14h17h20h23h02h05h08h11h14h17h20h23h02h05h08h11h14h17h20h23h02h05h08h  ┃"
"┃  ● Opus 4.8 1,2M                                                                                 ┃"
"┃▸ 07/02 · hoje · 330k · $1.65 · 1 sessões                                                         ┃"
"┃▸ 07/01 · qua · 614k · $3.07 · 1 sessões                                                          ┃"
"┃▸ 06/30 · ter · 159k · $0.80 · 1 sessões                                                          ┃"
"┃▸ 06/29 · seg · 61k · $0.31 · 1 sessões                                                           ┃"
"┃hoje · amp · $0.81 de $5.00 (saldo cr $4.19)  sem logs locais de token                            ┃"
"┃                      ↵ expandir     t 24h/7d     r atualizar     esc voltar                      ┃"
"┗━━━━━━━━━━━━━━━━━━━━━━━━━━━━━━━━━━━━━━━━━━━━━━━━━━━━━━━━━━━━━ 7 DIAS $5.82 · 1,2M tok · 4 sessões ┛"
