---
source: src/tui/render/detail.rs
expression: terminal.backend()
---
"╭ agent-bar ─────────────────────────────────────────────────────────────────────────────────────- ╮"
"│ VISÃO           ┏ Codex ━━━━━━━━━━━━━━━━━━━━━━━━━━━━━━━━━━━━━━━━━━━━━━━━━━━━━━━━━━━━━━━━━━━━━━━━┓│"
"│ ▸ Geral         ┃                                                                               ┃│"
"│                 ┃ ! Erro ao carregar dados                                                      ┃│"
"│ PROVIDERS       ┃                                                                               ┃│"
"│ ● Codex    –    ┃ Failed to fetch Codex usage                                                   ┃│"
"│                 ┃                                                                               ┃│"
"│ MAIS            ┃                                                                               ┃│"
"│   Histórico     ┃                                                                               ┃│"
"│   Login         ┃                                                                               ┃│"
"│   Waybar        ┃                                                                               ┃│"
"│                 ┃                                                                               ┃│"
"│                 ┃                                                                               ┃│"
"│                 ┃                                                                               ┃│"
"│                 ┃                                                                               ┃│"
"│                 ┃                                                                               ┃│"
"│                 ┃                                                                               ┃│"
"│                 ┃                                                                               ┃│"
"│                 ┃                                                                               ┃│"
"│                 ┃                                                                               ┃│"
"│                 ┃                                                                               ┃│"
"│                 ┃                                                                               ┃│"
"│                 ┃                                                                               ┃│"
"│                 ┃                                                                               ┃│"
"│                 ┃                                                                               ┃│"
"│                 ┃                                                                               ┃│"
"│                 ┃                                                                               ┃│"
"│                 ┃                                                                               ┃│"
"│                 ┃                                                                               ┃│"
"│                 ┃            esc voltar     r atualizar     g login     h histórico             ┃│"
"│                 ┗━━━━━━━━━━━━━━━━━━━━━━━━━━━━━━━━━━━━━━━━━━━━━━━━━━━━━━━━━━━━━━━━━━━━━━━━━━━━━━━┛│"
"╰──────────────────────────────────────────────────────────────────────────────────────────────────╯"
