---
source: src/tui/render/detail.rs
expression: terminal.backend()
---
"╭ agent-bar ─────────────────────────────────────────────────────────────────────────$2.10 · 02:00 ╮"
"│ VISÃO           ┏ Amp ━━━━━━━━━━━━━━━━━━━━━━━━━━━━━━━━━━━━━━━━━━━━━━━━━━━━━━━━━━━━━━━━━━━━━━━━━━┓│"
"│ ▸ Geral         ┃ sessão       ███████████████████████████████████░░░░░░░░░░░░░░░   70%  → -    ┃│"
"│                 ┃ Free Tier    ███████████████████████████████████░░░░░░░░░░░░░░░   70%  → -    ┃│"
"│ PROVIDERS       ┃ Credits      ██████████████████████████████████████████████████  100%  → -    ┃│"
"│ ● Amp     70%   ┃                                                                               ┃│"
"│                 ┃ tokens/h  sem uso nas últimas 24h                                             ┃│"
"│ MAIS            ┃                                                                               ┃│"
"│   Histórico     ┃ hoje 0 tok · cr $4.19    7 dias 0 tok · -                                     ┃│"
"│   Login         ┃                                                                               ┃│"
"│   Waybar        ┃                                                                               ┃│"
"│                 ┃                                                                               ┃│"
"│                 ┃                                                                               ┃│"
"│                 ┃                                                                               ┃│"
"│                 ┃                                                                               ┃│"
"│                 ┃                                                                               ┃│"
"│                 ┃                                                                               ┃│"
"│                 ┃                                                                               ┃│"
"│                 ┃                                                                               ┃│"
"│                 ┃                                                                               ┃│"
"│                 ┃                                                                               ┃│"
"│                 ┃                                                                               ┃│"
"│                 ┃                                                                               ┃│"
"│                 ┃                                                                               ┃│"
"│                 ┃                                                                               ┃│"
"│                 ┃                                                                               ┃│"
"│                 ┃                                                                               ┃│"
"│                 ┃                                                                               ┃│"
"│                 ┃                                                                               ┃│"
"│                 ┃            esc voltar     r atualizar     g login     h histórico             ┃│"
"│                 ┗━━━━━━━━━━━━━━━━━━━━━━━━━━━━━━━━━━━━━━━━━━━━━━━━━━━━━━━━━━━━━━━━━━━━━━━━━━━━━━━┛│"
"╰──────────────────────────────────────────────────────────────────────────────────────────────────╯"
