---
source: src/tui/render/mod.rs
expression: terminal.backend()
---
"╭ agent-bar ─────────────────────────────────────────────────- ╮"
"│   ┏ Todos os providers ━━━━━━━━━━━━━━━━━━━━━━━━━━━━━━━━━━━━━┓│"
"│ ▸ ┃provider  uso                  reset  custo              ┃│"
"│   ┃Claude    ███████▒▒▒▒▒▒▒▒▒▒▒▒▒ 23:00  -                  ┃│"
"│   ┃Codex     ▒▒▒▒▒▒▒▒▒▒▒▒▒▒▒▒▒▒▒▒ 01:28  -                  ┃│"
"│ ◆ ┃Amp       ▒▒▒▒▒▒▒▒▒▒▒▒▒▒▒▒▒▒▒▒ -      -                  ┃│"
"│ ● ┃                                                         ┃│"
"│ ● ┃                                                         ┃│"
"│   ┃                                                         ┃│"
"│   ┃                                                         ┃│"
"│ H ┃                                                         ┃│"
"│ L ┃                                                         ┃│"
"│ W ┃                                                         ┃│"
"│   ┃                                                         ┃│"
"│   ┃                                                         ┃│"
"│   ┃                                                         ┃│"
"│   ┃                                                         ┃│"
"│   ┃                                                         ┃│"
"│   ┗━━━━━━━━━━━━━━━━━━━━━━━━━━━━━━━━━━━━━━━━━━━━━━━━━━━━━━━━━┛│"
"╰──────────────────────────────────────────────────────────────╯"
