---
source: src/tui/render/detail.rs
assertion_line: 1396
expression: terminal.backend()
---
"╭ agent-bar ─────────────────────────────────────────────────────────────────────────────────────- ╮"
"│                 ┏ Claude · Max 5x ━━━━━━━━━━━━━━━━━━━━━━━━━━━━━━━━━━━━━━━━━━━━━━━━━━━━━━━━━━━━━━┓│"
"│ PROVEDORES      ┃ sessão       ████████████████████████████████████████████▌░░░░░   89%  → 02:39┃│"
"│ ◆ Claude  89%   ┃ semana       ████████████████████████████████████████████████▌░   97%  → 22:59┃│"
"│                 ┃ Opus         ██████████████████████████████░░░░░░░░░░░░░░░░░░░░   60%  → -    ┃│"
"│ MAIS            ┃ Fable        ████████████████████████████████████████████████▌░   97%  → 22:59┃│"
"│   Histórico     ┃ TOKENS/HORA · 24H                                                    escala √ ┃│"
"│   Login         ┃ coletando histórico…                                                          ┃│"
"│   Waybar        ┃                                                                               ┃│"
"│                 ┃                                                                               ┃│"
"│                 ┃                                                                               ┃│"
"│                 ┃                                                                               ┃│"
"│                 ┃                                                                               ┃│"
"│                 ┃                                                                               ┃│"
"│                 ┃                                                                               ┃│"
"│                 ┃                                                                               ┃│"
"│                 ┃                                                                               ┃│"
"│                 ┃                                                                               ┃│"
"│                 ┃                                                                               ┃│"
"│                 ┃                                                                               ┃│"
"│                 ┃                                                                               ┃│"
"│                 ┃                                                                               ┃│"
"│                 ┃                                                                               ┃│"
"│                 ┃                                                                               ┃│"
"│                 ┃                                                                               ┃│"
"│                 ┃                                                                               ┃│"
"│                 ┃                                                                               ┃│"
"│                 ┃ extra usage  desativado                                                       ┃│"
"│                 ┃ hoje coletando…    7 dias coletando…                                          ┃│"
"│                 ┃            esc voltar     r atualizar     g login     h histórico             ┃│"
"│                 ┗━━━━━━━━━━━━━━━━━━━━━━━━━━━━━━━━━━━━━━━━━━━━━━━━━━━━━━━━━━━━━━━━━━━━━━━━━━━━━━━┛│"
"╰──────────────────────────────────────────────────────────────────────────────────────────────────╯"
