---
source: src/tui/render/history.rs
expression: terminal.backend()
---
"┏ Historico (7 dias) ━━━━━━━━━━━━━━━━━━━━━━━━━━━━━━━━━━━━━━━━━━┓"
"┃ Carregando historico...                                      ┃"
"┃                                                              ┃"
"┃                                                              ┃"
"┃                                                              ┃"
"┃                                                              ┃"
"┃                                                              ┃"
"┃                                                              ┃"
"┃                                                              ┃"
"┃                                                              ┃"
"┃                                                              ┃"
"┃                                                              ┃"
"┃                                                              ┃"
"┃                                                              ┃"
"┃                                                              ┃"
"┃                                                              ┃"
"┃                                                              ┃"
"┃                                                              ┃"
"┃                                                              ┃"
"┗━━━━━━━━━━━━━━━━━━━━━━━━━━━━━━━━━━━━━━━━━━━━━━━━━━━━━━━━━━━━━━┛"
