---
source: src/tui/render/config.rs
assertion_line: 324
expression: terminal.backend()
---
"╭ Config ──────────╮╭ providers  ──────────────────────────────╮"
"│ WAYBAR           ││ claude, codex                            │"
"│ > providers      │╰──────────────────────────────────────────╯"
"│   providerOrder  │╭──────────────────────────────────────────╮"
"│   separators     ││ IDs separados por vírgula. Ex: claude, co│"
"│   displayMode    ││                                          │"
"│   signal         ││                                          │"
"│   interval       ││                                          │"
"│ TUI · afeta só es││                                          │"
"│   fxRate         ││                                          │"
"│                  ││                                          │"
"│                  ││                                          │"
"│                  ││                                          │"
"│                  ││                                          │"
"│                  ││                                          │"
"│                  ││                                          │"
"│                  ││                                          │"
"│                  ││                                          │"
"│                  ││   ↵ editar     s salvar     esc voltar   │"
"╰──────────────────╯╰──────────────────────────────────────────╯"
