---
source: src/tui/render/detail.rs
assertion_line: 1110
expression: terminal.backend()
---
"╭ agent-bar ─────────────────────────────────────────────────────────────────────────$2.10 · 02:00 ╮"
"│ VISÃO           ┏ Claude · Max 5x ━━━━━━━━━━━━━━━━━━━━━━━━━━━━━━━━━━━━━━━━━━━━━━━━━━━━━━━━━━━━━━┓│"
"│ ▸ Geral         ┃ sessão       ████████████████████████████████████████████▌░░░░░   89%  → 02:39┃│"
"│                 ┃ semana       ████████████████████████████████████████████████▌░   97%  → 22:59┃│"
"│ PROVIDERS       ┃ Opus         ██████████████████████████████░░░░░░░░░░░░░░░░░░░░   60%  → -    ┃│"
"│ ◆ Claude  89%   ┃ Fable        ████████████████████████████████████████████████▌░   97%  → 22:59┃│"
"│                 ┃ TOKENS/HORA · 24H                                                    escala √ ┃│"
"│ MAIS            ┃ 900k┤                                                                  ██     ┃│"
"│   Histórico     ┃     │                                                                  ██     ┃│"
"│   Login         ┃     │                                                                  ██     ┃│"
"│   Waybar        ┃     │                                                                  ██     ┃│"
"│                 ┃     │                                                                  ██     ┃│"
"│                 ┃     │                                                                  ██     ┃│"
"│                 ┃ 225k┤                                                                  ██     ┃│"
"│                 ┃     │                                                                  ██     ┃│"
"│                 ┃     │                                                      ▃▃          ██     ┃│"
"│                 ┃     │                                          ▁▁          ██          ██     ┃│"
"│                 ┃     │                                          ██          ██          ██     ┃│"
"│                 ┃     │                                          ██          ██          ██     ┃│"
"│                 ┃     │                                          ██          ██          ██     ┃│"
"│                 ┃    0┴──────────────────────────────────────────────────────────────────────── ┃│"
"│                 ┃      03h      06h      09h      12h      15h      18h      21h      00h       ┃│"
"│                 ┃  ● Opus 4.8 1,0M  ● Sonnet 4.6 50k                                            ┃│"
"│                 ┃                                                                               ┃│"
"│                 ┃ Modelos hoje                                                                  ┃│"
"│                 ┃ Opus 4.8     ██████████████████████████████████████████████   900.0K     $1.40┃│"
"│                 ┃ Sonnet 4.6   ███████████████▍░░░░░░░░░░░░░░░░░░░░░░░░░░░░░░   300.0K         —┃│"
"│                 ┃ extra usage  █████████████████████████████████████▊░░░░░  $12.34 de $100.00   ┃│"
"│                 ┃ hoje 1.2M tok · $2.10    7 dias 1.1M tok · $5.15                              ┃│"
"│                 ┃            esc voltar     r atualizar     g login     h histórico             ┃│"
"│                 ┗━━━━━━━━━━━━━━━━━━━━━━━━━━━━━━━━━━━━━━━━━━━━━━━━━━━━━━━━━━━━━━━━━━━━━━━━━━━━━━━┛│"
"╰──────────────────────────────────────────────────────────────────────────────────────────────────╯"
