---
source: src/tui/render/history.rs
expression: terminal.backend()
---
"┏ Histórico (24h) ━━━━━━━━━━━━━━━━━━━━━━━━━━━━━━━━━━━━━━━━━━━━━━━━━━━━━━━━━━━━━━━━━━━━━━━━━━━━━━━━━┓"
"┃ 176k┤               ██       ▆▆       ▃▃                                                         ┃"
"┃     │               ██       ██       ██       ▅▅                                                ┃"
"┃     │               ██       ██       ██       ██       ▆▆                                       ┃"
"┃     │               ██       ██       ██       ██       ██       ▅▅                              ┃"
"┃     │               ██       ██       ██       ██       ██       ██       ▂▂                     ┃"
"┃     │      ▆▆       ██       ██       ██       ██       ██       ██       ██                     ┃"
"┃     │      ██       ██       ██       ██       ██       ██       ██       ██                     ┃"
"┃     │      ██       ██       ██       ██       ██       ██       ██       ██                     ┃"
"┃  44k┤      ██       ██       ██       ██       ██       ██       ██       ██                     ┃"
"┃     │      ██       ██       ██       ██       ██       ██       ██       ██                     ┃"
"┃     │      ██       ██       ██       ██       ██       ██       ██       ██                     ┃"
"┃     │      ██       ██       ██       ██       ██       ██       ██       ██                     ┃"
"┃     │      ██       ██       ██       ██       ██       ██       ██       ██                     ┃"
"┃     │      ██       ██       ██       ██       ██       ██       ██       ██                     ┃"
"┃     │      ██       ██       ██       ██       ██       ██       ██       ██                     ┃"
"┃     │      ██       ██       ██       ██       ██       ██       ██       ██                     ┃"
"┃     │      ██       ██       ██       ██       ██       ██       ██       ██                     ┃"
"┃     │      ██       ██       ██       ██       ██       ██       ██       ██                     ┃"
"┃    0┴────────────────────────────────────────────────────────────────────────                    ┃"
"┃      13h      16h      19h      22h      01h      04h      07h      10h                          ┃"
"┃  ● Opus 4.8 591k  ● GPT-5.5 504k                                                                 ┃"
"┃▸ 02/07 · hoje · 660k · $3.30 · 1 sessões                                                         ┃"
"┃▸ 01/07 · qua · 787k · $3.94 · 1 sessões                                                          ┃"
"┃▸ 30/06 · ter · 159k · $0.80 · 1 sessões                                                          ┃"
"┃▸ 29/06 · seg · 341k · $1.71 · 1 sessões                                                          ┃"
"┃▸ 28/06 · dom · 644k · $3.22 · 1 sessões                                                          ┃"
"┃▸ 27/06 · sáb · 210k · $1.05 · 1 sessões                                                          ┃"
"┃▸ 26/06 · sex · 269k · $1.34 · 1 sessões                                                          ┃"
"┃▸ 25/06 · qui · 238k · $1.19 · 1 sessões                                                          ┃"
"┃                      ↵ expandir     t 24h/7d     r atualizar     esc voltar                      ┃"
"┗━━━━━━━━━━━━━━━━━━━━━━━━━━━━━━━━━━━━━━━━━━━━━━━━━━━━━━━━━━━━ 7 DIAS $16.55 · 3,3M tok · 8 sessões ┛"
