---
source: src/tui/render/mod.rs
expression: terminal.backend()
---
"╭ agent-bar ─────────────────────────────────────────────────────────────────────────────────────────────────────────────────────────────────────────────$2.10 ╮"
"│ VISÃO           ┏ Todos os providers ━━━━━━━━━━━━━━━━━━━━━━━━━━━━━━━━━━━━━━━━━━━━━━━━━━━━━━━━━━━━━━━━━━━━━━━━━━━━━━━━━━━━━━━━━━━━━━━━━━━━━━━━━━━━━━━━━━━━━━━┓│"
"│ ▸ Geral         ┃provider  uso                                                           reset  custo                                                       ┃│"
"│                 ┃Claude    ████████████████████████████▒▒▒▒▒▒▒▒▒▒▒▒▒▒▒▒▒▒▒▒▒▒▒▒▒▒▒▒▒▒▒▒▒ 23:00  $2.10                                                       ┃│"
"│ PROVIDERS       ┃Codex     █▒▒▒▒▒▒▒▒▒▒▒▒▒▒▒▒▒▒▒▒▒▒▒▒▒▒▒▒▒▒▒▒▒▒▒▒▒▒▒▒▒▒▒▒▒▒▒▒▒▒▒▒▒▒▒▒▒▒▒▒ 01:28  -                                                           ┃│"
"│ ◆ Claude  26%   ┃Amp       ▒▒▒▒▒▒▒▒▒▒▒▒▒▒▒▒▒▒▒▒▒▒▒▒▒▒▒▒▒▒▒▒▒▒▒▒▒▒▒▒▒▒▒▒▒▒▒▒▒▒▒▒▒▒▒▒▒▒▒▒▒ -      cr $4.19                                                    ┃│"
"│ ● Codex    1%   ┃                                                                                                                                           ┃│"
"│ ● Amp      0%   ┃                                                                                                                                           ┃│"
"│                 ┃                                                                                                                                           ┃│"
"│ MAIS            ┃                                                                                                                                           ┃│"
"│   Histórico     ┃                                                                                                                                           ┃│"
"│   Login         ┃                                                                                                                                           ┃│"
"│   Waybar        ┃                                                                                                                                           ┃│"
"│                 ┃                                                                                                                                           ┃│"
"│                 ┃                                                                                                                                           ┃│"
"│                 ┃                                                                                                                                           ┃│"
"│                 ┃                                                                                                                                           ┃│"
"│                 ┃                                                                                                                                           ┃│"
"│                 ┃                                                                                                                                           ┃│"
"│                 ┃                                                                                                                                           ┃│"
"│                 ┃                                                                                                                                           ┃│"
"│                 ┃                                                                                                                                           ┃│"
"│                 ┃                                                                                                                                           ┃│"
"│                 ┃                                                                                                                                           ┃│"
"│                 ┃                                                                                                                                           ┃│"
"│                 ┃                                                                                                                                           ┃│"
"│                 ┃                                                                                                                                           ┃│"
"│                 ┃                                                                                                                                           ┃│"
"│                 ┃                                                                                                                                           ┃│"
"│                 ┃                                                                                                                                           ┃│"
"│                 ┃                                                                                                                                           ┃│"
"│                 ┃                                                                                                                                           ┃│"
"│                 ┃                                                                                                                                           ┃│"
"│                 ┃                                                                                                                                           ┃│"
"│                 ┃                                                                                                                                           ┃│"
"│                 ┃                                                                                                                                           ┃│"
"│                 ┃                                                                                                                                           ┃│"
"│                 ┃                                                                                                                                           ┃│"
"│                 ┗━━━━━━━━━━━━━━━━━━━━━━━━━━━━━━━━━━━━━━━━━━━━━━━━━━━━━━━━━━━━━━━━━━━━━━━━━━━━━━━━━━━━━━━━━━━━━━━━━━━━━━━━━━━━━━━━━━━━━━━━ Total hoje ~$2.10 ┛│"
"╰──────────────────────────────────────────────────────────────────────────────────────────────────────────────────────────────────────────────────────────────╯"
