---
source: src/tui/render/config.rs
assertion_line: 332
expression: terminal.backend()
---
"╭ Config do Waybar ╮╭ providers  ──────────────────────────────╮"
"│ > providers      ││ claude, codex                            │"
"│   providerOrder  │╰──────────────────────────────────────────╯"
"│   separators     │╭──────────────────────────────────────────╮"
"│   displayMode    ││ IDs separados por vírgula. Ex: claude, co│"
"│   fxRate         ││                                          │"
"│   signal         ││ Configuração salva e Waybar recarregado. │"
"│   interval       ││                                          │"
"│                  ││                                          │"
"│                  ││                                          │"
"│                  ││                                          │"
"│                  ││                                          │"
"│                  ││                                          │"
"│                  ││                                          │"
"│                  ││                                          │"
"│                  ││                                          │"
"│                  ││                                          │"
"│                  ││                                          │"
"│                  ││   ↵ editar     s salvar     esc voltar   │"
"╰──────────────────╯╰──────────────────────────────────────────╯"
