---
source: src/tui/render/mod.rs
expression: terminal.backend()
---
"╭ agent-bar ─────────────────────────────────────────────────────────────────- ╮"
"│ VISÃO            nenhum provider habilitado — veja a tela Waybar             │"
"│ ▸ Geral                                                                      │"
"│                                                                              │"
"│ MAIS          ┌ agent-bar — atalhos ──────────────────────────┐              │"
"│   Histórico   │               Navegacao global                │              │"
"│   Login       │                                               │              │"
"│   Waybar      │  [?] / Esc  abre/fecha esta ajuda             │              │"
"│               │  up/down    mover selecao na sidebar          │              │"
"│               │  Enter      ativar item selecionado           │              │"
"│               │  h / g / w  ir para Historico / Login / Waybar│              │"
"│               │  [q]        sair                              │              │"
"│               │  [r]        atualizar quotas                  │              │"
"│               │                                               │              │"
"│               │                   Overview                    │              │"
"│               │                                               │              │"
"│               │  up/down    selecionar provider               │              │"
"│               │  Enter      abrir detalhe                     │              │"
"│               │  Esc        voltar para lista                 │              │"
"│               │                                               │              │"
"│               │                 Waybar Config                 │              │"
"│               │                                               │              │"
"│               │  up/down    selecionar campo                  │              │"
"│               │  Enter      editar campo                      │              │"
"│               │  [s]        salvar configuracao               │              │"
"│               │                                               │              │"
"│               │                     Login                     │              │"
"│               │                                               │              │"
"│               │  up/down    selecionar provider               │              │"
"│               │  Enter      iniciar login do provider         │              │"
"│               │                                               │              │"
"│               └───────────────────────────────────────────────┘              │"
"│                                                                              │"
"│                        ↵ abrir     r atualizar     ? ajuda     q sair        │"
"╰──────────────────────────────────────────────────────────────────────────────╯"
