---
source: src/tui/render/history.rs
assertion_line: 1043
expression: terminal.backend()
---
"┏ Histórico (7 dias) ━━━━━━━━━━━━━━━━━━━━━━━━━━━━━━━━━━━━━━━━━━━━━━━━━━━━━━━━━━━━━━━━━━━━━━━━━━━━━━┓"
"┃  31k┤                                                                                 █          ┃"
"┃     │                                                                                 █          ┃"
"┃     │                                                                                 █          ┃"
"┃     │                                                                                 █          ┃"
"┃     │                                                                                 █          ┃"
"┃     │                                                                                 █          ┃"
"┃     │                                                                                 █          ┃"
"┃     │                                                                                 █          ┃"
"┃     │                                                                               ▇ █          ┃"
"┃     │                                                                               █ █          ┃"
"┃   8k┤                                                                  ▃            █ █          ┃"
"┃     │                                                                  █            █ █          ┃"
"┃     │                                                                  █            █ █          ┃"
"┃     │                                                                  █            █ █          ┃"
"┃     │                                                                  █            █ █          ┃"
"┃     │                                                                  █            █ █          ┃"
"┃     │                                                                  █            █ █          ┃"
"┃     │                                                                  █            █ █          ┃"
"┃     │                                                                  █            █ █          ┃"
"┃     │                                                                  █            █ █          ┃"
"┃     │                                                                  █            █ █          ┃"
"┃     │                                                                  █            █ █          ┃"
"┃    0┴────────────────────────────────────────────────────────────────────────────────────        ┃"
"┃        sáb         dom         seg         ter         qua         qui         sex               ┃"
"┃  ● Fable 5 12k  ● Opus 4.8 31k  ● GPT-5.5 8k                                                     ┃"
"┃▾ 07/10 · hoje · 43k · $0.28 · 2 sessões                                                          ┃"
"┃    14:42  —  Opus 4.8  31k  $0.15                                                                ┃"
"┃    09:15  agent-bar  Fable 5  12k  $0.12                                                         ┃"
"┃▸ 07/09 · qui · 8k · $0.04 · 1 sessões                                                            ┃"
"┃                      ↵ expandir     t 24h/7d     r atualizar     esc voltar                      ┃"
"┗━━━━━━━━━━━━━━━━━━━━━━━━━━━━━━━━━━━━━━━━━━━━━━━━━━━━━━━━━━━━━━ 7 DIAS $0.32 · 52k tok · 3 sessões ┛"
