---
source: src/tui/render/login.rs
expression: terminal.backend()
---
"┏ Login ━━━━━━━━━━━━━━━━━━━┓┏━━━━━━━━━━━━━━━━━━━━━━━━━━━━━━━━━━┓"
"┃   Claude [deslogado]     ┃┃ Codex                            ┃"
"┃ > Codex [deslogado]      ┃┃                                  ┃"
"┃   Amp [deslogado]        ┃┃ Executa `codex auth login` (fluxo┃"
"┃                          ┃┃                                  ┃"
"┃                          ┃┃ [Enter] iniciar login    [j/k] na┃"
"┃                          ┃┃                                  ┃"
"┃                          ┃┃                                  ┃"
"┃                          ┃┃                                  ┃"
"┃                          ┃┃                                  ┃"
"┃                          ┃┃                                  ┃"
"┃                          ┃┃                                  ┃"
"┃                          ┃┃                                  ┃"
"┃                          ┃┃                                  ┃"
"┃                          ┃┃                                  ┃"
"┗━━━━━━━━━━━━━━━━━━━━━━━━━━┛┗━━━━━━━━━━━━━━━━━━━━━━━━━━━━━━━━━━┛"
