---
source: src/tui/render/config.rs
expression: terminal.backend()
---
"╭ Config ────────────╮╭ Provedores  ───────────────────────────╮"
"│ WAYBAR             ││ claude, codex                          │"
"│ > Provedores       │╰────────────────────────────────────────╯"
"│   Ordem            │╭────────────────────────────────────────╮"
"│   Separadores      ││ Quais providers aparecem na barra. Ex: │"
"│   Exibição         ││                                        │"
"│   Sinal            ││ Configuração salva e Waybar recarregado│"
"│   Intervalo        ││                                        │"
"│ TUI · afeta só este││                                        │"
"│   Câmbio R$        ││                                        │"
"│                    ││                                        │"
"│                    ││                                        │"
"│                    ││                                        │"
"│                    ││                                        │"
"│                    ││                                        │"
"│                    ││                                        │"
"│                    ││                                        │"
"│                    ││                                        │"
"│                    ││  ↵ editar     s salvar     esc voltar  │"
"╰────────────────────╯╰────────────────────────────────────────╯"
