---
source: src/tui/render/detail.rs
expression: terminal.backend()
---
"┏PROVIDERS━━━━━━┓┏ Claude · Max 5x ━━━━━━━━━━━━━━━━━━━━━━━━━━━━━━━━━━━━━━━━━━━━━━━━━━━━━━━━━━━━━━━━━━━━━━━━━━━━━━━━━━━━━━━━━━━━━━━━━━━━━━━━━━━━━━━━━━━━━━━━━━━━┓"
"┃◆ Claude  26%  ┃┃ 5h  ███████████████████████████████▒▒▒▒▒▒▒▒▒▒▒▒▒▒▒▒▒▒▒▒▒▒▒▒▒▒▒▒▒▒▒▒▒▒▒▒▒▒▒▒▒▒▒▒▒▒▒▒▒▒▒▒▒▒▒▒▒▒▒▒▒▒▒▒▒▒▒▒▒▒▒▒▒▒▒▒▒▒▒▒▒▒▒▒▒▒▒▒▒   26%  → 23:00 ┃"
"┃               ┃┃ wk  ██████████████▒▒▒▒▒▒▒▒▒▒▒▒▒▒▒▒▒▒▒▒▒▒▒▒▒▒▒▒▒▒▒▒▒▒▒▒▒▒▒▒▒▒▒▒▒▒▒▒▒▒▒▒▒▒▒▒▒▒▒▒▒▒▒▒▒▒▒▒▒▒▒▒▒▒▒▒▒▒▒▒▒▒▒▒▒▒▒▒▒▒▒▒▒▒▒▒▒▒▒▒▒▒▒▒▒▒   12%  → 00:00 ┃"
"┃               ┃┃                                                                                                                                             ┃"
"┃               ┃┃ Models                                                                                                                                      ┃"
"┃               ┃┃   Opus      █████████████████████████████████▒▒▒▒▒▒▒▒▒▒▒▒▒▒▒▒▒▒▒▒▒▒▒▒▒▒▒▒▒▒▒▒▒▒▒▒▒▒▒▒▒▒▒▒▒▒▒   41%  $1.40                                   ┃"
"┃               ┃┃   Sonnet    ████████████████▒▒▒▒▒▒▒▒▒▒▒▒▒▒▒▒▒▒▒▒▒▒▒▒▒▒▒▒▒▒▒▒▒▒▒▒▒▒▒▒▒▒▒▒▒▒▒▒▒▒▒▒▒▒▒▒▒▒▒▒▒▒▒▒   20%  -                                       ┃"
"┃               ┃┃                                                                                                                                             ┃"
"┃               ┃┃ tokens/h ▁▂▃▅▇▆▄▂▁          ~$2.10 hoje                                                                                                     ┃"
"┃               ┃┃                                                                                                                                             ┃"
"┃               ┃┃                                                                                                                                             ┃"
"┃               ┃┃                                                                                                                                             ┃"
"┃               ┃┃                                                                                                                                             ┃"
"┃               ┃┃                                                                                                                                             ┃"
"┃               ┃┃                                                                                                                                             ┃"
"┃               ┃┃                                                                                                                                             ┃"
"┃               ┃┃                                                                                                                                             ┃"
"┃               ┃┃                                                                                                                                             ┃"
"┃               ┃┃                                                                                                                                             ┃"
"┃               ┃┃                                                                                                                                             ┃"
"┃               ┃┃                                                                                                                                             ┃"
"┃               ┃┃                                                                                                                                             ┃"
"┃               ┃┃                                                                                                                                             ┃"
"┃               ┃┃                                                                                                                                             ┃"
"┃               ┃┃                                                                                                                                             ┃"
"┃               ┃┃                                                                                                                                             ┃"
"┃               ┃┃                                                                                                                                             ┃"
"┃               ┃┃                                                                                                                                             ┃"
"┃               ┃┃                                                                                                                                             ┃"
"┃               ┃┃                                                                                                                                             ┃"
"┃               ┃┃                                                                                                                                             ┃"
"┃               ┃┃                                                                                                                                             ┃"
"┃               ┃┃                                                                                                                                             ┃"
"┃               ┃┃                                                                                                                                             ┃"
"┃               ┃┃                                                                                                                                             ┃"
"┃               ┃┃                                                                                                                                             ┃"
"┃               ┃┃                                                                                                                                             ┃"
"┃               ┃┃                                                                                                                                             ┃"
"┗━━━━━━━━━━━━━━━┛┗━━━━━━━━━━━━━━━━━━━━━━━━━━━━━━━━━━━━━━━━━━━━━━━━━━━━━━━━━━━━━━━━━━━━━━━━━━━━━━━━━━━━━━━━━━━━━━━━━━━━━━━━━━━━━━━━━━━━━━━━━━━━━━━━━━━━━━━━━━━━━┛"
" ↑↓ navegar · Esc volta · [r]efresh · [?] ajuda                                                                                                                 "
