---
source: src/tui/widgets/column_chart.rs
assertion_line: 283
expression: "text.join(\"\\n\")"
---
  140┤                                                                     ██ 
     │                                                                     ██ 
     │            ▅▅                                                       ██ 
     │         ▁▁ ██                                                       ██ 
   35┤         ██ ██                                                       ██ 
     │      ▇▇ ██ ██ ▃▃                                                    ██ 
     │      ██ ██ ██ ██                                                 ▁▁ ██ 
     │      ██ ██ ██ ██                                                 ██ ██ 
     │      ██ ██ ██ ██                                                 ██ ██ 
    0┴────────────────────────────────────────────────────────────────────────
      13h      16h      19h      22h      01h      04h      07h      10h
  ● Fable 5 305  ● Opus 4.8 9
