---
source: src/omarchy_integration.rs
assertion_line: 237
expression: rendered
---
{
  "schemaVersion": 1,
  "id": "agent-bar.usage",
  "name": "agent-bar",
  "version": "0.0.0-test",
  "author": "othavi0",
  "license": "MIT",
  "description": "LLM quota monitor (Claude, Codex, Amp, Grok) as native bar chips with a popup panel.",
  "kinds": ["bar-widget"],
  "activation": "on-demand",
  "entryPoints": {
    "barWidget": "Widget.qml"
  },
  "barWidget": {
    "displayName": "agent-bar",
    "description": "Quota chips per provider; left = usage, right = settings, middle = refresh.",
    "category": "AI",
    "aliases": ["agent-bar"],
    "allowMultiple": false,
    "defaults": {
      "refreshIntervalSec": 60
    },
    "schema": [
      { "key": "refreshIntervalSec", "type": "integer", "label": "Refresh interval (seconds)", "min": 30, "max": 3600, "step": 30, "defaultValue": 60 }
    ]
  }
}
