---
source: src/omarchy_integration.rs
assertion_line: 311
expression: rendered
---
{
  "schemaVersion": 1,
  "id": "agent-bar.usage",
  "name": "Agent Bar",
  "version": "0.0.0-test",
  "author": "othavi0",
  "license": "MIT",
  "description": "LLM quota monitor for Claude, Codex, Amp, and Grok.",
  "kinds": ["service", "bar-widget"],
  "entryPoints": {
    "service": "Service.qml",
    "barWidget": "BarWidget.qml"
  },
  "barWidget": {
    "displayName": "Agent Bar",
    "description": "Shows normalized provider quota and reset information.",
    "category": "AI",
    "aliases": ["agent-bar"],
    "allowMultiple": false,
    "defaults": {},
    "schema": []
  }
}
